// Jest Snapshot v1, https://goo.gl/fbAQLP

exports[`should match snapshot 1`] = `
<DocumentFragment>
  <div>
    <nav
      class="Navbar"
    >
      <h1 />
      <button>
        Log Out
      </button>
    </nav>
    <div
      class="ChatWindow"
    >
      <ul />
    </div>
    <div
      class="ChatInput"
    >
      <textarea
        type="text"
      />
      <button>
        Send
      </button>
    </div>
  </div>
</DocumentFragment>
`;
