// Jest Snapshot v1, https://goo.gl/fbAQLP

exports[`should match snapshot 1`] = `
<DocumentFragment>
  <div>
    <div
      class="ChatWindow"
    >
      <ul />
    </div>
    <form
      class="ChatInput"
    >
      <input
        type="text"
        value=""
      />
      <button>
        Send
      </button>
    </form>
  </div>
</DocumentFragment>
`;
