// Jest Snapshot v1, https://goo.gl/fbAQLP

exports[`should match snapshot 1`] = `
<DocumentFragment>
  <form
    class="ChatInput"
  >
    <input
      type="text"
      value=""
    />
    <button>
      Send
    </button>
  </form>
</DocumentFragment>
`;
